   jesus@SlothGodHP MINGW64 ~/Document
s/ETC 5513/Assigment2/Aasigment2 (t
estbranch)
$ get pwd
bash: get: command not found

jesus@SlothGodHP MINGW64 ~/Document
s/ETC 5513/Assigment2/Aasigment2 (t
estbranch)
$ git pwd
git: 'pwd' is not a git command. Se
e 'git --help'.

The most similar command is
        add

jesus@SlothGodHP MINGW64 ~/Document
s/ETC 5513/Assigment2/Aasigment2 (t
estbranch)
$ pwd
/c/Users/jesus/Documents/ETC 5513/A
ssigment2/Aasigment2

jesus@SlothGodHP MINGW64 ~/Document
s/ETC 5513/Assigment2/Aasigment2 (t
estbranch)
$ git status
On branch testbranch
nothing to commit, working tree cle
an

jesus@SlothGodHP MINGW64 ~/Document
s/ETC 5513/Assigment2/Aasigment2 (t
estbranch)
$ git push --set-upstream origin$ push push --set-upstream origi$ git push --set-upstream origin te
stbranch
The authenticity of host '[ssh.gith
ub.com]:443 ([4.237.22.40]:443)' ca
n't be established.
ED25519 key fingerprint is SHA256:+
DiY3wvvV6TuJJhbpZisF/zLDA0zPMSvHdkr
4UvCOqU.
This host key is known by the follo
wing other names/addresses:
    ~/.ssh/known_hosts:1: github.co
m
Are you sure you want to continue c
onnecting (yes/no/[fingerprint])onnecting (yes/no/[fingerprint])? y
es
Warning: Permanently added '[ssh.gi
thub.com]:443' (ED25519) to the lis
t of known hosts.
ERROR: Permission to numbats/rcp.gi
t denied to SlothGodCh.
fatal: Could not read from remote r
epository.

fatal: Could not read from remote repository.

Please make sure you have the correct access rights
and the repository exists.

jesus@SlothGodHP MINGW64 ~/Documents/ETC 5513/Assigment2/Aasigmejesus@SlothGodHP MINGW64 ~/Documents/ETC 5513/Assigment2/Aasigmejesus@SlothGodHP MINGW64 ~/Documents/ETC 5513/Assigment2/Aasigmejesus@SlothGodHP MINGW64 ~/Documents/ETC 5513/Assigment2/Aasigment2 (t
estbranch)
$ it switch main
bash: it: command not found

jesus@SlothGodHP MINGW64 ~/Documents/ETC 5513/Assigment2/Aasigment2 (t
estbranch)
$ git switch main
fatal: invalid reference: main

jesus@SlothGodHP MINGW64 ~/Documents/ETC 5513/Assigment2/Aasigment2 (t
estbranch)
$ git switch master
Switched to branch 'master'

jesus@SlothGodHP MINGW64 ~/Documents/ETC 5513/Assigment2/Aasigment2 (m
aster)
$ git push
fatal: The current branch master has no upstream branch.
To push the current branch and set the remote as upstream, use

    git push --set-upstream origin master

To have this happen automatically for branches without a tracking
upstream, see 'push.autoSetupRemote' in 'git help config'.


jesus@SlothGodHP MINGW64 ~/Documents/ETC 5513/Assigment2/Aasigment2 (m
aster)
$ git push --set-upstream origin testbranch
ERROR: Permission to numbats/rcp.git denied to SlothGodCh.
fatal: Could not read from remote repository.

Please make sure you have the correct access rights
and the repository exists.

jesus@SlothGodHP MINGW64 ~/Documents/ETC 5513/Assigment2/Aasigment2 (m
aster)
$ git status
On branch master
Untracked files:
  (use "git add <file>..." to include in what will be committed
        images/Fig5.png

nothing added to commit but untracked files present (use "git add" to
track)

jesus@SlothGodHP MINGW64 ~/Documnothing added to commit but untracked files present (use "git add" to track)

jesus@SlothGodHP MINGW64 ~/Documents/ETC 5513/Assigment2/Aasigment2 (master)
$ ^C

jesus@SlothGodHP MINGW64 ~/Documents/ETC 5513/Assigment2/Aasigment2 (master)
$ git push --set-upstream origin master
ERROR: Permission to numbats/rcp.git denied to SlothGodCh.
fatal: Could not read from remote repository.

Please make sure you have the correct access rights
and the repository exists.

jesus@SlothGodHP MINGW64 ~/Documents/ETC 5513/Assigment2/Aasigment2 (master)
$ git remote set-url origin git@github.com:SlothGodCh/rcp.git

jesus@SlothGodHP MINGW64 ~/Documents/ETC 5513/Assigment2/Aasigment2 (master)
$ git remote -v
origin  git@github.com:SlothGodCh/rcp.git (fetch)
origin  git@github.com:SlothGodCh/rcp.git (push)

jesus@SlothGodHP MINGW64 ~/Documents/ETC 5513/Assigment2/Aasigment2 (master)
$ git push --set-upstream origin master
ssh: connect to host github.com
port 22: Connection timed out
fatal: Could not read from remote repository.

Please make sure you have the correct access rights
and the repository exists.

jesus@SlothGodHP MINGW64 ~/Documents/ETC 5513/Assigment2/Aasigment2 (master)
$ ^C

jesus@SlothGodHP MINGW64 ~/Documents/ETC 5513/Assigment2/Aasigment2 (master)
$ nano ~/.ssh/config

jesus@SlothGodHP MINGW64 ~/Documents/ETC 5513/Assigment2/Aasigment2 (master)
$ ssh -T git@github.com
no such identity: /c/Users/jesus/.ssh/id_ed25519: No such file or directory
git@ssh.github.com: Permission denied (publickey).

jesus@SlothGodHP MINGW64 ~/Documents/ETC 5513/Assigment2/Aasigment2 (master)
$

jesus@SlothGodHP MINGW64 ~/Documents/ETC 5513/Assigment2/Aasigment2 (master)
$ ls ~/.ssh
config      known_hosts
id_rsa      known_hosts.old
id_rsa.pub